2025-07-21 00:01:59 [main] INFO  c.g.githubapi.GitHubApiApplication - Starting GitHubApiApplication using Java 24.0.1 with PID 24956 (C:\Users\Ranie\OneDrive\Estudos\SISTEMAS\UDEMY\dicas para entrevistas\API\githubapi\target\classes started by Ranie in C:\Users\Ranie\OneDrive\Estudos\SISTEMAS\UDEMY\dicas para entrevistas\API\githubapi)
2025-07-21 00:01:59 [main] INFO  c.g.githubapi.GitHubApiApplication - The following 1 profile is active: "prd"
2025-07-21 00:02:01 [main] INFO  o.s.b.w.e.tomcat.TomcatWebServer - Tomcat initialized with port 8083 (http)
2025-07-21 00:02:01 [main] INFO  o.a.catalina.core.StandardService - Starting service [Tomcat]
2025-07-21 00:02:01 [main] INFO  o.a.catalina.core.StandardEngine - Starting Servlet engine: [Apache Tomcat/10.1.39]
2025-07-21 00:02:01 [main] INFO  o.a.c.c.C.[Tomcat].[localhost].[/] - Initializing Spring embedded WebApplicationContext
2025-07-21 00:02:01 [main] INFO  o.s.b.w.s.c.ServletWebServerApplicationContext - Root WebApplicationContext: initialization completed in 1199 ms
2025-07-21 00:02:01 [main] INFO  o.s.b.w.e.tomcat.TomcatWebServer - Tomcat started on port 8083 (http) with context path '/'
2025-07-21 00:02:01 [main] INFO  c.g.githubapi.GitHubApiApplication - Started GitHubApiApplication in 2.587 seconds (process running for 2.945)
2025-07-21 00:09:22 [SpringApplicationShutdownHook] INFO  o.s.b.w.e.tomcat.GracefulShutdown - Commencing graceful shutdown. Waiting for active requests to complete
2025-07-21 00:09:22 [tomcat-shutdown] INFO  o.s.b.w.e.tomcat.GracefulShutdown - Graceful shutdown complete
2025-07-21 00:09:29 [main] INFO  c.g.githubapi.GitHubApiApplication - Starting GitHubApiApplication using Java 24.0.1 with PID 2240 (C:\Users\Ranie\OneDrive\Estudos\SISTEMAS\UDEMY\dicas para entrevistas\API\githubapi\target\classes started by Ranie in C:\Users\Ranie\OneDrive\Estudos\SISTEMAS\UDEMY\dicas para entrevistas\API\githubapi)
2025-07-21 00:09:29 [main] INFO  c.g.githubapi.GitHubApiApplication - The following 1 profile is active: "prd"
2025-07-21 00:09:30 [main] INFO  o.s.b.w.e.tomcat.TomcatWebServer - Tomcat initialized with port 8083 (http)
2025-07-21 00:09:30 [main] INFO  o.a.catalina.core.StandardService - Starting service [Tomcat]
2025-07-21 00:09:30 [main] INFO  o.a.catalina.core.StandardEngine - Starting Servlet engine: [Apache Tomcat/10.1.39]
2025-07-21 00:09:30 [main] INFO  o.a.c.c.C.[Tomcat].[localhost].[/] - Initializing Spring embedded WebApplicationContext
2025-07-21 00:09:30 [main] INFO  o.s.b.w.s.c.ServletWebServerApplicationContext - Root WebApplicationContext: initialization completed in 1208 ms
2025-07-21 00:09:31 [main] INFO  o.s.b.w.e.tomcat.TomcatWebServer - Tomcat started on port 8083 (http) with context path '/'
2025-07-21 00:09:31 [main] INFO  c.g.githubapi.GitHubApiApplication - Started GitHubApiApplication in 2.573 seconds (process running for 2.966)
2025-07-21 00:11:40 [http-nio-8083-exec-1] INFO  o.a.c.c.C.[Tomcat].[localhost].[/] - Initializing Spring DispatcherServlet 'dispatcherServlet'
2025-07-21 00:11:40 [http-nio-8083-exec-1] INFO  o.s.web.servlet.DispatcherServlet - Initializing Servlet 'dispatcherServlet'
2025-07-21 00:11:40 [http-nio-8083-exec-1] INFO  o.s.web.servlet.DispatcherServlet - Completed initialization in 1 ms
2025-07-21 00:11:40 [http-nio-8083-exec-1] INFO  c.g.githubapi.client.GitHubApiClient - Criando Lista.
2025-07-21 00:11:42 [http-nio-8083-exec-1] INFO  c.g.githubapi.client.GitHubApiClient - 30
2025-07-21 00:12:42 [SpringApplicationShutdownHook] INFO  o.s.b.w.e.tomcat.GracefulShutdown - Commencing graceful shutdown. Waiting for active requests to complete
2025-07-21 00:12:42 [tomcat-shutdown] INFO  o.s.b.w.e.tomcat.GracefulShutdown - Graceful shutdown complete
2025-07-21 00:12:48 [main] INFO  c.g.githubapi.GitHubApiApplication - Starting GitHubApiApplication using Java 24.0.1 with PID 25764 (C:\Users\Ranie\OneDrive\Estudos\SISTEMAS\UDEMY\dicas para entrevistas\API\githubapi\target\classes started by Ranie in C:\Users\Ranie\OneDrive\Estudos\SISTEMAS\UDEMY\dicas para entrevistas\API\githubapi)
2025-07-21 00:12:48 [main] INFO  c.g.githubapi.GitHubApiApplication - The following 1 profile is active: "prd"
2025-07-21 00:12:49 [main] INFO  o.s.b.w.e.tomcat.TomcatWebServer - Tomcat initialized with port 8083 (http)
2025-07-21 00:12:49 [main] INFO  o.a.catalina.core.StandardService - Starting service [Tomcat]
2025-07-21 00:12:49 [main] INFO  o.a.catalina.core.StandardEngine - Starting Servlet engine: [Apache Tomcat/10.1.39]
2025-07-21 00:12:50 [main] INFO  o.a.c.c.C.[Tomcat].[localhost].[/] - Initializing Spring embedded WebApplicationContext
2025-07-21 00:12:50 [main] INFO  o.s.b.w.s.c.ServletWebServerApplicationContext - Root WebApplicationContext: initialization completed in 1434 ms
2025-07-21 00:12:50 [main] INFO  o.s.b.w.e.tomcat.TomcatWebServer - Tomcat started on port 8083 (http) with context path '/'
2025-07-21 00:12:50 [main] INFO  c.g.githubapi.GitHubApiApplication - Started GitHubApiApplication in 2.888 seconds (process running for 3.255)
2025-07-21 00:13:00 [http-nio-8083-exec-1] INFO  o.a.c.c.C.[Tomcat].[localhost].[/] - Initializing Spring DispatcherServlet 'dispatcherServlet'
2025-07-21 00:13:00 [http-nio-8083-exec-1] INFO  o.s.web.servlet.DispatcherServlet - Initializing Servlet 'dispatcherServlet'
2025-07-21 00:13:00 [http-nio-8083-exec-1] INFO  o.s.web.servlet.DispatcherServlet - Completed initialization in 1 ms
2025-07-21 00:13:00 [http-nio-8083-exec-1] INFO  c.g.githubapi.client.GitHubApiClient - Criando Lista.
2025-07-21 00:13:01 [http-nio-8083-exec-1] INFO  c.g.githubapi.client.GitHubApiClient - Quantidade retornada: ${users.length}
2025-07-21 00:15:17 [SpringApplicationShutdownHook] INFO  o.s.b.w.e.tomcat.GracefulShutdown - Commencing graceful shutdown. Waiting for active requests to complete
2025-07-21 00:15:17 [tomcat-shutdown] INFO  o.s.b.w.e.tomcat.GracefulShutdown - Graceful shutdown complete
2025-07-21 00:15:23 [main] INFO  c.g.githubapi.GitHubApiApplication - Starting GitHubApiApplication using Java 24.0.1 with PID 23732 (C:\Users\Ranie\OneDrive\Estudos\SISTEMAS\UDEMY\dicas para entrevistas\API\githubapi\target\classes started by Ranie in C:\Users\Ranie\OneDrive\Estudos\SISTEMAS\UDEMY\dicas para entrevistas\API\githubapi)
2025-07-21 00:15:23 [main] INFO  c.g.githubapi.GitHubApiApplication - The following 1 profile is active: "prd"
2025-07-21 00:15:24 [main] INFO  o.s.b.w.e.tomcat.TomcatWebServer - Tomcat initialized with port 8083 (http)
2025-07-21 00:15:24 [main] INFO  o.a.catalina.core.StandardService - Starting service [Tomcat]
2025-07-21 00:15:24 [main] INFO  o.a.catalina.core.StandardEngine - Starting Servlet engine: [Apache Tomcat/10.1.39]
2025-07-21 00:15:24 [main] INFO  o.a.c.c.C.[Tomcat].[localhost].[/] - Initializing Spring embedded WebApplicationContext
2025-07-21 00:15:24 [main] INFO  o.s.b.w.s.c.ServletWebServerApplicationContext - Root WebApplicationContext: initialization completed in 1205 ms
2025-07-21 00:15:25 [main] INFO  o.s.b.w.e.tomcat.TomcatWebServer - Tomcat started on port 8083 (http) with context path '/'
2025-07-21 00:15:25 [main] INFO  c.g.githubapi.GitHubApiApplication - Started GitHubApiApplication in 2.617 seconds (process running for 3.099)
2025-07-21 00:15:32 [http-nio-8083-exec-1] INFO  o.a.c.c.C.[Tomcat].[localhost].[/] - Initializing Spring DispatcherServlet 'dispatcherServlet'
2025-07-21 00:15:32 [http-nio-8083-exec-1] INFO  o.s.web.servlet.DispatcherServlet - Initializing Servlet 'dispatcherServlet'
2025-07-21 00:15:32 [http-nio-8083-exec-1] INFO  o.s.web.servlet.DispatcherServlet - Completed initialization in 0 ms
2025-07-21 00:15:32 [http-nio-8083-exec-1] INFO  c.g.githubapi.client.GitHubApiClient - Criando Lista.
2025-07-21 00:15:33 [http-nio-8083-exec-1] INFO  c.g.githubapi.client.GitHubApiClient - Quantidade retornada: ${String.valueOf( users.length)}
2025-07-21 00:15:52 [SpringApplicationShutdownHook] INFO  o.s.b.w.e.tomcat.GracefulShutdown - Commencing graceful shutdown. Waiting for active requests to complete
2025-07-21 00:15:52 [tomcat-shutdown] INFO  o.s.b.w.e.tomcat.GracefulShutdown - Graceful shutdown complete
2025-07-21 00:15:58 [main] INFO  c.g.githubapi.GitHubApiApplication - Starting GitHubApiApplication using Java 24.0.1 with PID 27544 (C:\Users\Ranie\OneDrive\Estudos\SISTEMAS\UDEMY\dicas para entrevistas\API\githubapi\target\classes started by Ranie in C:\Users\Ranie\OneDrive\Estudos\SISTEMAS\UDEMY\dicas para entrevistas\API\githubapi)
2025-07-21 00:15:58 [main] INFO  c.g.githubapi.GitHubApiApplication - The following 1 profile is active: "prd"
2025-07-21 00:15:59 [main] INFO  o.s.b.w.e.tomcat.TomcatWebServer - Tomcat initialized with port 8083 (http)
2025-07-21 00:15:59 [main] INFO  o.a.catalina.core.StandardService - Starting service [Tomcat]
2025-07-21 00:15:59 [main] INFO  o.a.catalina.core.StandardEngine - Starting Servlet engine: [Apache Tomcat/10.1.39]
2025-07-21 00:15:59 [main] INFO  o.a.c.c.C.[Tomcat].[localhost].[/] - Initializing Spring embedded WebApplicationContext
2025-07-21 00:15:59 [main] INFO  o.s.b.w.s.c.ServletWebServerApplicationContext - Root WebApplicationContext: initialization completed in 1160 ms
2025-07-21 00:16:00 [main] INFO  o.s.b.w.e.tomcat.TomcatWebServer - Tomcat started on port 8083 (http) with context path '/'
2025-07-21 00:16:00 [main] INFO  c.g.githubapi.GitHubApiApplication - Started GitHubApiApplication in 2.532 seconds (process running for 2.93)
2025-07-21 00:16:18 [http-nio-8083-exec-1] INFO  o.a.c.c.C.[Tomcat].[localhost].[/] - Initializing Spring DispatcherServlet 'dispatcherServlet'
2025-07-21 00:16:18 [http-nio-8083-exec-1] INFO  o.s.web.servlet.DispatcherServlet - Initializing Servlet 'dispatcherServlet'
2025-07-21 00:16:18 [http-nio-8083-exec-1] INFO  o.s.web.servlet.DispatcherServlet - Completed initialization in 1 ms
2025-07-21 00:16:18 [http-nio-8083-exec-1] INFO  c.g.githubapi.client.GitHubApiClient - Criando Lista.
2025-07-21 00:16:19 [http-nio-8083-exec-1] INFO  c.g.githubapi.client.GitHubApiClient - Quantidade retornada: 30
2025-07-21 00:16:49 [SpringApplicationShutdownHook] INFO  o.s.b.w.e.tomcat.GracefulShutdown - Commencing graceful shutdown. Waiting for active requests to complete
2025-07-21 00:16:49 [tomcat-shutdown] INFO  o.s.b.w.e.tomcat.GracefulShutdown - Graceful shutdown complete
2025-07-21 00:19:28 [main] INFO  c.g.githubapi.GitHubApiApplication - Starting GitHubApiApplication using Java 24.0.1 with PID 26496 (C:\Users\Ranie\OneDrive\Estudos\SISTEMAS\UDEMY\dicas para entrevistas\API\githubapi\target\classes started by Ranie in C:\Users\Ranie\OneDrive\Estudos\SISTEMAS\UDEMY\dicas para entrevistas\API\githubapi)
2025-07-21 00:19:28 [main] INFO  c.g.githubapi.GitHubApiApplication - The following 1 profile is active: "prd"
2025-07-21 00:19:29 [main] INFO  o.s.b.w.e.tomcat.TomcatWebServer - Tomcat initialized with port 8083 (http)
2025-07-21 00:19:29 [main] INFO  o.a.catalina.core.StandardService - Starting service [Tomcat]
2025-07-21 00:19:29 [main] INFO  o.a.catalina.core.StandardEngine - Starting Servlet engine: [Apache Tomcat/10.1.39]
2025-07-21 00:19:29 [main] INFO  o.a.c.c.C.[Tomcat].[localhost].[/] - Initializing Spring embedded WebApplicationContext
2025-07-21 00:19:29 [main] INFO  o.s.b.w.s.c.ServletWebServerApplicationContext - Root WebApplicationContext: initialization completed in 1232 ms
2025-07-21 00:19:29 [main] INFO  c.g.g.c.GitHubApiConfiguration - Executando o WebClient.
2025-07-21 00:19:30 [main] INFO  o.s.b.w.e.tomcat.TomcatWebServer - Tomcat started on port 8083 (http) with context path '/'
2025-07-21 00:19:30 [main] INFO  c.g.githubapi.GitHubApiApplication - Started GitHubApiApplication in 2.604 seconds (process running for 3.015)
2025-07-21 00:19:45 [http-nio-8083-exec-2] INFO  o.a.c.c.C.[Tomcat].[localhost].[/] - Initializing Spring DispatcherServlet 'dispatcherServlet'
2025-07-21 00:19:45 [http-nio-8083-exec-2] INFO  o.s.web.servlet.DispatcherServlet - Initializing Servlet 'dispatcherServlet'
2025-07-21 00:19:45 [http-nio-8083-exec-2] INFO  o.s.web.servlet.DispatcherServlet - Completed initialization in 1 ms
2025-07-21 00:19:46 [http-nio-8083-exec-2] INFO  c.g.githubapi.client.GitHubApiClient - Criando Lista.
2025-07-21 00:19:47 [http-nio-8083-exec-2] INFO  c.g.githubapi.client.GitHubApiClient - Quantidade retornada: 30 usuários.
2025-07-21 00:21:35 [SpringApplicationShutdownHook] INFO  o.s.b.w.e.tomcat.GracefulShutdown - Commencing graceful shutdown. Waiting for active requests to complete
2025-07-21 00:21:35 [tomcat-shutdown] INFO  o.s.b.w.e.tomcat.GracefulShutdown - Graceful shutdown complete
2025-07-21 00:21:41 [main] INFO  c.g.githubapi.GitHubApiApplication - Starting GitHubApiApplication using Java 24.0.1 with PID 8004 (C:\Users\Ranie\OneDrive\Estudos\SISTEMAS\UDEMY\dicas para entrevistas\API\githubapi\target\classes started by Ranie in C:\Users\Ranie\OneDrive\Estudos\SISTEMAS\UDEMY\dicas para entrevistas\API\githubapi)
2025-07-21 00:21:41 [main] INFO  c.g.githubapi.GitHubApiApplication - The following 1 profile is active: "prd"
2025-07-21 00:21:42 [main] INFO  o.s.b.w.e.tomcat.TomcatWebServer - Tomcat initialized with port 8083 (http)
2025-07-21 00:21:42 [main] INFO  o.a.catalina.core.StandardService - Starting service [Tomcat]
2025-07-21 00:21:42 [main] INFO  o.a.catalina.core.StandardEngine - Starting Servlet engine: [Apache Tomcat/10.1.39]
2025-07-21 00:21:42 [main] INFO  o.a.c.c.C.[Tomcat].[localhost].[/] - Initializing Spring embedded WebApplicationContext
2025-07-21 00:21:42 [main] INFO  o.s.b.w.s.c.ServletWebServerApplicationContext - Root WebApplicationContext: initialization completed in 1142 ms
2025-07-21 00:21:43 [main] INFO  c.g.g.c.GitHubApiConfiguration - Executando o WebClient.
2025-07-21 00:21:43 [main] INFO  c.g.g.c.GitHubUsersController - Executando Controller.
2025-07-21 00:21:43 [main] INFO  o.s.b.w.e.tomcat.TomcatWebServer - Tomcat started on port 8083 (http) with context path '/'
2025-07-21 00:21:43 [main] INFO  c.g.githubapi.GitHubApiApplication - Started GitHubApiApplication in 2.49 seconds (process running for 2.872)
2025-07-21 00:21:56 [http-nio-8083-exec-1] INFO  o.a.c.c.C.[Tomcat].[localhost].[/] - Initializing Spring DispatcherServlet 'dispatcherServlet'
2025-07-21 00:21:56 [http-nio-8083-exec-1] INFO  o.s.web.servlet.DispatcherServlet - Initializing Servlet 'dispatcherServlet'
2025-07-21 00:21:56 [http-nio-8083-exec-1] INFO  o.s.web.servlet.DispatcherServlet - Completed initialization in 1 ms
2025-07-21 00:21:56 [http-nio-8083-exec-1] INFO  c.g.githubapi.client.GitHubApiClient - Criando Lista.
2025-07-21 00:21:57 [http-nio-8083-exec-1] INFO  c.g.githubapi.client.GitHubApiClient - Quantidade retornada: 30 usuários.
2025-07-21 00:23:35 [SpringApplicationShutdownHook] INFO  o.s.b.w.e.tomcat.GracefulShutdown - Commencing graceful shutdown. Waiting for active requests to complete
2025-07-21 00:23:35 [tomcat-shutdown] INFO  o.s.b.w.e.tomcat.GracefulShutdown - Graceful shutdown complete
2025-07-21 00:23:43 [main] INFO  c.g.githubapi.GitHubApiApplication - Starting GitHubApiApplication using Java 24.0.1 with PID 17448 (C:\Users\Ranie\OneDrive\Estudos\SISTEMAS\UDEMY\dicas para entrevistas\API\githubapi\target\classes started by Ranie in C:\Users\Ranie\OneDrive\Estudos\SISTEMAS\UDEMY\dicas para entrevistas\API\githubapi)
2025-07-21 00:23:43 [main] INFO  c.g.githubapi.GitHubApiApplication - The following 1 profile is active: "prd"
2025-07-21 00:23:44 [main] INFO  o.s.b.w.e.tomcat.TomcatWebServer - Tomcat initialized with port 8083 (http)
2025-07-21 00:23:44 [main] INFO  o.a.catalina.core.StandardService - Starting service [Tomcat]
2025-07-21 00:23:44 [main] INFO  o.a.catalina.core.StandardEngine - Starting Servlet engine: [Apache Tomcat/10.1.39]
2025-07-21 00:23:44 [main] INFO  o.a.c.c.C.[Tomcat].[localhost].[/] - Initializing Spring embedded WebApplicationContext
2025-07-21 00:23:44 [main] INFO  o.s.b.w.s.c.ServletWebServerApplicationContext - Root WebApplicationContext: initialization completed in 1114 ms
2025-07-21 00:23:45 [main] INFO  c.g.g.c.GitHubApiConfiguration - Executando o WebClient.
2025-07-21 00:23:45 [main] INFO  c.g.g.c.GitHubUsersController - Executando Controller.
2025-07-21 00:23:45 [main] INFO  o.s.b.w.e.tomcat.TomcatWebServer - Tomcat started on port 8083 (http) with context path '/'
2025-07-21 00:23:45 [main] INFO  c.g.githubapi.GitHubApiApplication - Started GitHubApiApplication in 2.508 seconds (process running for 2.919)
2025-07-21 00:23:50 [http-nio-8083-exec-1] INFO  o.a.c.c.C.[Tomcat].[localhost].[/] - Initializing Spring DispatcherServlet 'dispatcherServlet'
2025-07-21 00:23:50 [http-nio-8083-exec-1] INFO  o.s.web.servlet.DispatcherServlet - Initializing Servlet 'dispatcherServlet'
2025-07-21 00:23:50 [http-nio-8083-exec-1] INFO  o.s.web.servlet.DispatcherServlet - Completed initialization in 1 ms
2025-07-21 00:23:50 [http-nio-8083-exec-1] INFO  c.g.g.service.GitHubUserService - Executando Serviço usuário inicial 45
2025-07-21 00:23:50 [http-nio-8083-exec-1] INFO  c.g.githubapi.client.GitHubApiClient - Criando Lista.
2025-07-21 00:23:51 [http-nio-8083-exec-1] INFO  c.g.githubapi.client.GitHubApiClient - Quantidade retornada: 30 usuários.
2025-07-21 00:25:53 [SpringApplicationShutdownHook] INFO  o.s.b.w.e.tomcat.GracefulShutdown - Commencing graceful shutdown. Waiting for active requests to complete
2025-07-21 00:25:53 [tomcat-shutdown] INFO  o.s.b.w.e.tomcat.GracefulShutdown - Graceful shutdown complete
2025-07-21 00:27:43 [main] INFO  c.g.githubapi.GitHubApiApplication - Starting GitHubApiApplication using Java 24.0.1 with PID 12180 (C:\Users\Ranie\OneDrive\Estudos\SISTEMAS\UDEMY\dicas para entrevistas\API\githubapi\target\classes started by Ranie in C:\Users\Ranie\OneDrive\Estudos\SISTEMAS\UDEMY\dicas para entrevistas\API\githubapi)
2025-07-21 00:27:43 [main] INFO  c.g.githubapi.GitHubApiApplication - The following 1 profile is active: "prd"
2025-07-21 00:27:44 [main] INFO  o.s.b.w.e.tomcat.TomcatWebServer - Tomcat initialized with port 8083 (http)
2025-07-21 00:27:44 [main] INFO  o.a.catalina.core.StandardService - Starting service [Tomcat]
2025-07-21 00:27:44 [main] INFO  o.a.catalina.core.StandardEngine - Starting Servlet engine: [Apache Tomcat/10.1.39]
2025-07-21 00:27:44 [main] INFO  o.a.c.c.C.[Tomcat].[localhost].[/] - Initializing Spring embedded WebApplicationContext
2025-07-21 00:27:44 [main] INFO  o.s.b.w.s.c.ServletWebServerApplicationContext - Root WebApplicationContext: initialization completed in 1146 ms
2025-07-21 00:27:44 [main] INFO  c.g.g.c.GitHubApiConfiguration - Executando o WebClient.
2025-07-21 00:27:44 [main] INFO  c.g.g.c.GitHubUsersController - Executando Controller.
2025-07-21 00:27:44 [main] INFO  o.s.b.w.e.tomcat.TomcatWebServer - Tomcat started on port 8083 (http) with context path '/'
2025-07-21 00:27:44 [main] INFO  c.g.githubapi.GitHubApiApplication - Started GitHubApiApplication in 2.409 seconds (process running for 2.767)
2025-07-21 00:27:59 [http-nio-8083-exec-1] INFO  o.a.c.c.C.[Tomcat].[localhost].[/] - Initializing Spring DispatcherServlet 'dispatcherServlet'
2025-07-21 00:27:59 [http-nio-8083-exec-1] INFO  o.s.web.servlet.DispatcherServlet - Initializing Servlet 'dispatcherServlet'
2025-07-21 00:27:59 [http-nio-8083-exec-1] INFO  o.s.web.servlet.DispatcherServlet - Completed initialization in 1 ms
2025-07-21 00:27:59 [http-nio-8083-exec-1] INFO  c.g.g.service.GitHubUserService - Executando Serviço usuário inicial: 45.
2025-07-21 00:27:59 [http-nio-8083-exec-1] INFO  c.g.githubapi.client.GitHubApiClient - Criando Lista.
2025-07-21 00:28:00 [http-nio-8083-exec-1] INFO  c.g.githubapi.client.GitHubApiClient - Quantidade retornada: 30 usuários.
2025-07-21 00:28:00 [http-nio-8083-exec-1] INFO  c.g.githubapi.client.GitHubApiClient - Último usuário: 45.
2025-07-21 00:33:38 [SpringApplicationShutdownHook] INFO  o.s.b.w.e.tomcat.GracefulShutdown - Commencing graceful shutdown. Waiting for active requests to complete
2025-07-21 00:33:38 [tomcat-shutdown] INFO  o.s.b.w.e.tomcat.GracefulShutdown - Graceful shutdown complete
2025-07-21 00:33:43 [main] INFO  c.g.githubapi.GitHubApiApplication - Starting GitHubApiApplication using Java 24.0.1 with PID 24988 (C:\Users\Ranie\OneDrive\Estudos\SISTEMAS\UDEMY\dicas para entrevistas\API\githubapi\target\classes started by Ranie in C:\Users\Ranie\OneDrive\Estudos\SISTEMAS\UDEMY\dicas para entrevistas\API\githubapi)
2025-07-21 00:33:43 [main] INFO  c.g.githubapi.GitHubApiApplication - The following 1 profile is active: "prd"
2025-07-21 00:33:45 [main] INFO  o.s.b.w.e.tomcat.TomcatWebServer - Tomcat initialized with port 8083 (http)
2025-07-21 00:33:45 [main] INFO  o.a.catalina.core.StandardService - Starting service [Tomcat]
2025-07-21 00:33:45 [main] INFO  o.a.catalina.core.StandardEngine - Starting Servlet engine: [Apache Tomcat/10.1.39]
2025-07-21 00:33:45 [main] INFO  o.a.c.c.C.[Tomcat].[localhost].[/] - Initializing Spring embedded WebApplicationContext
2025-07-21 00:33:45 [main] INFO  o.s.b.w.s.c.ServletWebServerApplicationContext - Root WebApplicationContext: initialization completed in 1138 ms
2025-07-21 00:33:45 [main] INFO  c.g.g.c.GitHubApiConfiguration - Executando o WebClient.
2025-07-21 00:33:45 [main] INFO  c.g.g.c.GitHubUsersController - Executando Controller.
2025-07-21 00:33:45 [main] WARN  o.s.b.w.s.c.AnnotationConfigServletWebServerApplicationContext - Exception encountered during context initialization - cancelling refresh attempt: org.springframework.beans.factory.BeanCreationException: Error creating bean with name 'requestMappingHandlerMapping' defined in class path resource [org/springframework/boot/autoconfigure/web/servlet/WebMvcAutoConfiguration$EnableWebMvcConfiguration.class]: Invalid mapping on handler class [com.githubapi.githubapi.controllers.GitHubUsersController]: public java.util.List com.githubapi.githubapi.controllers.GitHubUsersController.getUsers(long)
2025-07-21 00:33:45 [main] INFO  o.a.catalina.core.StandardService - Stopping service [Tomcat]
2025-07-21 00:33:45 [main] INFO  o.s.b.a.l.ConditionEvaluationReportLogger - 

Error starting ApplicationContext. To display the condition evaluation report re-run your application with 'debug' enabled.
2025-07-21 00:33:45 [main] ERROR o.s.b.d.LoggingFailureAnalysisReporter - 

***************************
APPLICATION FAILED TO START
***************************

Description:

Invalid mapping pattern detected:
/{$mapping.url}
          ^
Char '.' is not allowed in a captured variable name

Action:

Fix this pattern in your application or switch to the legacy parser implementation with 'spring.mvc.pathmatch.matching-strategy=ant_path_matcher'.

2025-07-21 00:34:35 [main] INFO  c.g.githubapi.GitHubApiApplication - Starting GitHubApiApplication using Java 24.0.1 with PID 25696 (C:\Users\Ranie\OneDrive\Estudos\SISTEMAS\UDEMY\dicas para entrevistas\API\githubapi\target\classes started by Ranie in C:\Users\Ranie\OneDrive\Estudos\SISTEMAS\UDEMY\dicas para entrevistas\API\githubapi)
2025-07-21 00:34:35 [main] INFO  c.g.githubapi.GitHubApiApplication - The following 1 profile is active: "prd"
2025-07-21 00:34:37 [main] INFO  o.s.b.w.e.tomcat.TomcatWebServer - Tomcat initialized with port 8083 (http)
2025-07-21 00:34:37 [main] INFO  o.a.catalina.core.StandardService - Starting service [Tomcat]
2025-07-21 00:34:37 [main] INFO  o.a.catalina.core.StandardEngine - Starting Servlet engine: [Apache Tomcat/10.1.39]
2025-07-21 00:34:37 [main] INFO  o.a.c.c.C.[Tomcat].[localhost].[/] - Initializing Spring embedded WebApplicationContext
2025-07-21 00:34:37 [main] INFO  o.s.b.w.s.c.ServletWebServerApplicationContext - Root WebApplicationContext: initialization completed in 1337 ms
2025-07-21 00:34:37 [main] INFO  c.g.g.c.GitHubApiConfiguration - Executando o WebClient.
2025-07-21 00:34:37 [main] INFO  c.g.g.c.GitHubUsersController - Executando Controller.
2025-07-21 00:34:37 [main] WARN  o.s.b.w.s.c.AnnotationConfigServletWebServerApplicationContext - Exception encountered during context initialization - cancelling refresh attempt: org.springframework.beans.factory.BeanCreationException: Error creating bean with name 'requestMappingHandlerMapping' defined in class path resource [org/springframework/boot/autoconfigure/web/servlet/WebMvcAutoConfiguration$EnableWebMvcConfiguration.class]: Invalid mapping on handler class [com.githubapi.githubapi.controllers.GitHubUsersController]: public java.util.List com.githubapi.githubapi.controllers.GitHubUsersController.getUsers(long)
2025-07-21 00:34:37 [main] INFO  o.a.catalina.core.StandardService - Stopping service [Tomcat]
2025-07-21 00:34:37 [main] INFO  o.s.b.a.l.ConditionEvaluationReportLogger - 

Error starting ApplicationContext. To display the condition evaluation report re-run your application with 'debug' enabled.
2025-07-21 00:34:37 [main] ERROR o.s.boot.SpringApplication - Application run failed
org.springframework.beans.factory.BeanCreationException: Error creating bean with name 'requestMappingHandlerMapping' defined in class path resource [org/springframework/boot/autoconfigure/web/servlet/WebMvcAutoConfiguration$EnableWebMvcConfiguration.class]: Invalid mapping on handler class [com.githubapi.githubapi.controllers.GitHubUsersController]: public java.util.List com.githubapi.githubapi.controllers.GitHubUsersController.getUsers(long)
	at org.springframework.beans.factory.support.AbstractAutowireCapableBeanFactory.initializeBean(AbstractAutowireCapableBeanFactory.java:1812)
	at org.springframework.beans.factory.support.AbstractAutowireCapableBeanFactory.doCreateBean(AbstractAutowireCapableBeanFactory.java:601)
	at org.springframework.beans.factory.support.AbstractAutowireCapableBeanFactory.createBean(AbstractAutowireCapableBeanFactory.java:523)
	at org.springframework.beans.factory.support.AbstractBeanFactory.lambda$doGetBean$0(AbstractBeanFactory.java:339)
	at org.springframework.beans.factory.support.DefaultSingletonBeanRegistry.getSingleton(DefaultSingletonBeanRegistry.java:347)
	at org.springframework.beans.factory.support.AbstractBeanFactory.doGetBean(AbstractBeanFactory.java:337)
	at org.springframework.beans.factory.support.AbstractBeanFactory.getBean(AbstractBeanFactory.java:202)
	at org.springframework.beans.factory.support.DefaultListableBeanFactory.instantiateSingleton(DefaultListableBeanFactory.java:1155)
	at org.springframework.beans.factory.support.DefaultListableBeanFactory.preInstantiateSingleton(DefaultListableBeanFactory.java:1121)
	at org.springframework.beans.factory.support.DefaultListableBeanFactory.preInstantiateSingletons(DefaultListableBeanFactory.java:1056)
	at org.springframework.context.support.AbstractApplicationContext.finishBeanFactoryInitialization(AbstractApplicationContext.java:987)
	at org.springframework.context.support.AbstractApplicationContext.refresh(AbstractApplicationContext.java:627)
	at org.springframework.boot.web.servlet.context.ServletWebServerApplicationContext.refresh(ServletWebServerApplicationContext.java:146)
	at org.springframework.boot.SpringApplication.refresh(SpringApplication.java:752)
	at org.springframework.boot.SpringApplication.refreshContext(SpringApplication.java:439)
	at org.springframework.boot.SpringApplication.run(SpringApplication.java:318)
	at org.springframework.boot.SpringApplication.run(SpringApplication.java:1361)
	at org.springframework.boot.SpringApplication.run(SpringApplication.java:1350)
	at com.githubapi.githubapi.GitHubApiApplication.main(GitHubApiApplication.java:15)
Caused by: java.lang.IllegalStateException: Invalid mapping on handler class [com.githubapi.githubapi.controllers.GitHubUsersController]: public java.util.List com.githubapi.githubapi.controllers.GitHubUsersController.getUsers(long)
	at org.springframework.web.servlet.handler.AbstractHandlerMethodMapping.lambda$detectHandlerMethods$1(AbstractHandlerMethodMapping.java:287)
	at org.springframework.core.MethodIntrospector.lambda$selectMethods$0(MethodIntrospector.java:75)
	at org.springframework.util.ReflectionUtils.doWithMethods(ReflectionUtils.java:366)
	at org.springframework.core.MethodIntrospector.selectMethods(MethodIntrospector.java:73)
	at org.springframework.web.servlet.handler.AbstractHandlerMethodMapping.detectHandlerMethods(AbstractHandlerMethodMapping.java:280)
	at org.springframework.web.servlet.handler.AbstractHandlerMethodMapping.processCandidateBean(AbstractHandlerMethodMapping.java:265)
	at org.springframework.web.servlet.handler.AbstractHandlerMethodMapping.initHandlerMethods(AbstractHandlerMethodMapping.java:224)
	at org.springframework.web.servlet.handler.AbstractHandlerMethodMapping.afterPropertiesSet(AbstractHandlerMethodMapping.java:212)
	at org.springframework.web.servlet.mvc.method.annotation.RequestMappingHandlerMapping.afterPropertiesSet(RequestMappingHandlerMapping.java:239)
	at org.springframework.beans.factory.support.AbstractAutowireCapableBeanFactory.invokeInitMethods(AbstractAutowireCapableBeanFactory.java:1859)
	at org.springframework.beans.factory.support.AbstractAutowireCapableBeanFactory.initializeBean(AbstractAutowireCapableBeanFactory.java:1808)
	... 18 common frames omitted
Caused by: org.springframework.util.PlaceholderResolutionException: Could not resolve placeholder '$mapping.url' in value "${$mapping.url}"
	at org.springframework.util.PlaceholderResolutionException.withValue(PlaceholderResolutionException.java:81)
	at org.springframework.util.PlaceholderParser$ParsedValue.resolve(PlaceholderParser.java:423)
	at org.springframework.util.PlaceholderParser.replacePlaceholders(PlaceholderParser.java:128)
	at org.springframework.util.PropertyPlaceholderHelper.parseStringValue(PropertyPlaceholderHelper.java:118)
	at org.springframework.util.PropertyPlaceholderHelper.replacePlaceholders(PropertyPlaceholderHelper.java:114)
	at org.springframework.core.env.AbstractPropertyResolver.doResolvePlaceholders(AbstractPropertyResolver.java:255)
	at org.springframework.core.env.AbstractPropertyResolver.resolveRequiredPlaceholders(AbstractPropertyResolver.java:226)
	at org.springframework.context.support.PropertySourcesPlaceholderConfigurer.lambda$processProperties$0(PropertySourcesPlaceholderConfigurer.java:201)
	at org.springframework.beans.factory.support.AbstractBeanFactory.resolveEmbeddedValue(AbstractBeanFactory.java:971)
	at org.springframework.beans.factory.config.EmbeddedValueResolver.resolveStringValue(EmbeddedValueResolver.java:54)
	at org.springframework.web.servlet.mvc.method.annotation.RequestMappingHandlerMapping.resolveEmbeddedValuesInPatterns(RequestMappingHandlerMapping.java:473)
	at org.springframework.web.servlet.mvc.method.annotation.RequestMappingHandlerMapping.createRequestMappingInfo(RequestMappingHandlerMapping.java:423)
	at org.springframework.web.servlet.mvc.method.annotation.RequestMappingHandlerMapping.createRequestMappingInfo(RequestMappingHandlerMapping.java:363)
	at org.springframework.web.servlet.mvc.method.annotation.RequestMappingHandlerMapping.getMappingForMethod(RequestMappingHandlerMapping.java:319)
	at org.springframework.web.servlet.mvc.method.annotation.RequestMappingHandlerMapping.getMappingForMethod(RequestMappingHandlerMapping.java:84)
	at org.springframework.web.servlet.handler.AbstractHandlerMethodMapping.lambda$detectHandlerMethods$1(AbstractHandlerMethodMapping.java:283)
	... 28 common frames omitted
2025-07-21 00:35:10 [main] INFO  c.g.githubapi.GitHubApiApplication - Starting GitHubApiApplication using Java 24.0.1 with PID 24704 (C:\Users\Ranie\OneDrive\Estudos\SISTEMAS\UDEMY\dicas para entrevistas\API\githubapi\target\classes started by Ranie in C:\Users\Ranie\OneDrive\Estudos\SISTEMAS\UDEMY\dicas para entrevistas\API\githubapi)
2025-07-21 00:35:10 [main] INFO  c.g.githubapi.GitHubApiApplication - The following 1 profile is active: "prd"
2025-07-21 00:35:11 [main] INFO  o.s.b.w.e.tomcat.TomcatWebServer - Tomcat initialized with port 8083 (http)
2025-07-21 00:35:11 [main] INFO  o.a.catalina.core.StandardService - Starting service [Tomcat]
2025-07-21 00:35:11 [main] INFO  o.a.catalina.core.StandardEngine - Starting Servlet engine: [Apache Tomcat/10.1.39]
2025-07-21 00:35:11 [main] INFO  o.a.c.c.C.[Tomcat].[localhost].[/] - Initializing Spring embedded WebApplicationContext
2025-07-21 00:35:11 [main] INFO  o.s.b.w.s.c.ServletWebServerApplicationContext - Root WebApplicationContext: initialization completed in 1119 ms
2025-07-21 00:35:12 [main] INFO  c.g.g.c.GitHubApiConfiguration - Executando o WebClient.
2025-07-21 00:35:12 [main] INFO  c.g.g.c.GitHubUsersController - Executando Controller.
2025-07-21 00:35:12 [main] INFO  o.s.b.w.e.tomcat.TomcatWebServer - Tomcat started on port 8083 (http) with context path '/'
2025-07-21 00:35:12 [main] INFO  c.g.githubapi.GitHubApiApplication - Started GitHubApiApplication in 2.43 seconds (process running for 2.832)
2025-07-21 00:35:19 [http-nio-8083-exec-3] INFO  o.a.c.c.C.[Tomcat].[localhost].[/] - Initializing Spring DispatcherServlet 'dispatcherServlet'
2025-07-21 00:35:19 [http-nio-8083-exec-3] INFO  o.s.web.servlet.DispatcherServlet - Initializing Servlet 'dispatcherServlet'
2025-07-21 00:35:19 [http-nio-8083-exec-3] INFO  o.s.web.servlet.DispatcherServlet - Completed initialization in 0 ms
2025-07-21 00:35:19 [http-nio-8083-exec-3] INFO  c.g.g.service.GitHubUserService - Executando Serviço usuário inicial: 45.
2025-07-21 00:35:19 [http-nio-8083-exec-3] INFO  c.g.githubapi.client.GitHubApiClient - Criando Lista.
2025-07-21 00:35:20 [http-nio-8083-exec-3] INFO  c.g.githubapi.client.GitHubApiClient - Quantidade retornada: 30 usuários.
2025-07-21 00:35:20 [http-nio-8083-exec-3] INFO  c.g.githubapi.client.GitHubApiClient - Último usuário: 45.
2025-07-21 00:35:52 [http-nio-8083-exec-1] INFO  c.g.g.service.GitHubUserService - Executando Serviço usuário inicial: 30.
2025-07-21 00:35:52 [http-nio-8083-exec-1] INFO  c.g.githubapi.client.GitHubApiClient - Criando Lista.
2025-07-21 00:35:52 [http-nio-8083-exec-1] INFO  c.g.githubapi.client.GitHubApiClient - Quantidade retornada: 30 usuários.
2025-07-21 00:35:52 [http-nio-8083-exec-1] INFO  c.g.githubapi.client.GitHubApiClient - Último usuário: 30.
2025-07-21 00:36:50 [SpringApplicationShutdownHook] INFO  o.s.b.w.e.tomcat.GracefulShutdown - Commencing graceful shutdown. Waiting for active requests to complete
2025-07-21 00:36:50 [tomcat-shutdown] INFO  o.s.b.w.e.tomcat.GracefulShutdown - Graceful shutdown complete
2025-07-21 00:37:00 [main] INFO  c.g.githubapi.GitHubApiApplication - Starting GitHubApiApplication using Java 24.0.1 with PID 15552 (C:\Users\Ranie\OneDrive\Estudos\SISTEMAS\UDEMY\dicas para entrevistas\API\githubapi\target\classes started by Ranie in C:\Users\Ranie\OneDrive\Estudos\SISTEMAS\UDEMY\dicas para entrevistas\API\githubapi)
2025-07-21 00:37:00 [main] INFO  c.g.githubapi.GitHubApiApplication - The following 1 profile is active: "prd"
2025-07-21 00:37:01 [main] INFO  o.s.b.w.e.tomcat.TomcatWebServer - Tomcat initialized with port 8083 (http)
2025-07-21 00:37:01 [main] INFO  o.a.catalina.core.StandardService - Starting service [Tomcat]
2025-07-21 00:37:01 [main] INFO  o.a.catalina.core.StandardEngine - Starting Servlet engine: [Apache Tomcat/10.1.39]
2025-07-21 00:37:01 [main] INFO  o.a.c.c.C.[Tomcat].[localhost].[/] - Initializing Spring embedded WebApplicationContext
2025-07-21 00:37:01 [main] INFO  o.s.b.w.s.c.ServletWebServerApplicationContext - Root WebApplicationContext: initialization completed in 1211 ms
2025-07-21 00:37:01 [main] INFO  c.g.g.c.GitHubApiConfiguration - Executando o WebClient.
2025-07-21 00:37:01 [main] INFO  c.g.g.c.GitHubUsersController - Executando Controller.
2025-07-21 00:37:02 [main] INFO  o.s.b.w.e.tomcat.TomcatWebServer - Tomcat started on port 8083 (http) with context path '/'
2025-07-21 00:37:02 [main] INFO  c.g.githubapi.GitHubApiApplication - Started GitHubApiApplication in 2.81 seconds (process running for 3.221)
2025-07-21 00:37:48 [http-nio-8083-exec-1] INFO  o.a.c.c.C.[Tomcat].[localhost].[/] - Initializing Spring DispatcherServlet 'dispatcherServlet'
2025-07-21 00:37:48 [http-nio-8083-exec-1] INFO  o.s.web.servlet.DispatcherServlet - Initializing Servlet 'dispatcherServlet'
2025-07-21 00:37:48 [http-nio-8083-exec-1] INFO  o.s.web.servlet.DispatcherServlet - Completed initialization in 1 ms
2025-07-21 00:37:48 [http-nio-8083-exec-1] INFO  c.g.g.service.GitHubUserService - Executando Serviço usuário inicial: 30.
2025-07-21 00:37:48 [http-nio-8083-exec-1] INFO  c.g.githubapi.client.GitHubApiClient - Criando Lista.
2025-07-21 00:37:49 [http-nio-8083-exec-1] INFO  c.g.githubapi.client.GitHubApiClient - Quantidade retornada: 30 usuários.
2025-07-21 00:37:49 [http-nio-8083-exec-1] INFO  c.g.githubapi.client.GitHubApiClient - Último usuário: 60.
2025-07-21 00:40:50 [http-nio-8083-exec-4] INFO  c.g.g.service.GitHubUserService - Executando Serviço usuário inicial: 0.
2025-07-21 00:40:50 [http-nio-8083-exec-4] INFO  c.g.githubapi.client.GitHubApiClient - Criando Lista.
2025-07-21 00:40:50 [http-nio-8083-exec-4] INFO  c.g.githubapi.client.GitHubApiClient - Quantidade retornada: 30 usuários.
2025-07-21 00:40:50 [http-nio-8083-exec-4] INFO  c.g.githubapi.client.GitHubApiClient - Último usuário: 30.
2025-07-21 00:41:09 [SpringApplicationShutdownHook] INFO  o.s.b.w.e.tomcat.GracefulShutdown - Commencing graceful shutdown. Waiting for active requests to complete
2025-07-21 00:41:09 [tomcat-shutdown] INFO  o.s.b.w.e.tomcat.GracefulShutdown - Graceful shutdown complete
2025-07-21 00:41:16 [main] INFO  c.g.githubapi.GitHubApiApplication - Starting GitHubApiApplication using Java 24.0.1 with PID 23848 (C:\Users\Ranie\OneDrive\Estudos\SISTEMAS\UDEMY\dicas para entrevistas\API\githubapi\target\classes started by Ranie in C:\Users\Ranie\OneDrive\Estudos\SISTEMAS\UDEMY\dicas para entrevistas\API\githubapi)
2025-07-21 00:41:16 [main] INFO  c.g.githubapi.GitHubApiApplication - The following 1 profile is active: "prd"
2025-07-21 00:41:17 [main] INFO  o.s.b.w.e.tomcat.TomcatWebServer - Tomcat initialized with port 8083 (http)
2025-07-21 00:41:17 [main] INFO  o.a.catalina.core.StandardService - Starting service [Tomcat]
2025-07-21 00:41:17 [main] INFO  o.a.catalina.core.StandardEngine - Starting Servlet engine: [Apache Tomcat/10.1.39]
2025-07-21 00:41:17 [main] INFO  o.a.c.c.C.[Tomcat].[localhost].[/] - Initializing Spring embedded WebApplicationContext
2025-07-21 00:41:17 [main] INFO  o.s.b.w.s.c.ServletWebServerApplicationContext - Root WebApplicationContext: initialization completed in 1091 ms
2025-07-21 00:41:17 [main] INFO  c.g.g.c.GitHubApiConfiguration - Executando o WebClient.
2025-07-21 00:41:17 [main] INFO  c.g.g.c.GitHubUsersController - Executando Controller.
2025-07-21 00:41:17 [main] INFO  o.s.b.w.e.tomcat.TomcatWebServer - Tomcat started on port 8083 (http) with context path '/'
2025-07-21 00:41:17 [main] INFO  c.g.githubapi.GitHubApiApplication - Started GitHubApiApplication in 2.374 seconds (process running for 2.737)
2025-07-21 00:41:36 [http-nio-8083-exec-1] INFO  o.a.c.c.C.[Tomcat].[localhost].[/] - Initializing Spring DispatcherServlet 'dispatcherServlet'
2025-07-21 00:41:36 [http-nio-8083-exec-1] INFO  o.s.web.servlet.DispatcherServlet - Initializing Servlet 'dispatcherServlet'
2025-07-21 00:41:36 [http-nio-8083-exec-1] INFO  o.s.web.servlet.DispatcherServlet - Completed initialization in 5 ms
2025-07-21 00:41:36 [http-nio-8083-exec-1] INFO  c.g.g.service.GitHubUserService - Executando Serviço usuário inicial: 1.
2025-07-21 00:41:36 [http-nio-8083-exec-1] INFO  c.g.githubapi.client.GitHubApiClient - Criando Lista.
2025-07-21 00:41:37 [http-nio-8083-exec-1] INFO  c.g.githubapi.client.GitHubApiClient - Quantidade retornada: 30 usuários.
2025-07-21 00:41:37 [http-nio-8083-exec-1] INFO  c.g.githubapi.client.GitHubApiClient - Último usuário: 30.
2025-07-21 00:44:35 [http-nio-8083-exec-6] INFO  c.g.g.service.GitHubUserService - Executando Serviço usuário inicial: 1.
2025-07-21 00:44:35 [http-nio-8083-exec-6] INFO  c.g.githubapi.client.GitHubApiClient - Criando Lista.
2025-07-21 00:44:35 [http-nio-8083-exec-6] INFO  c.g.githubapi.client.GitHubApiClient - Quantidade retornada: 30 usuários.
2025-07-21 00:44:35 [http-nio-8083-exec-6] INFO  c.g.githubapi.client.GitHubApiClient - Último usuário: 30.
2025-07-21 00:45:55 [SpringApplicationShutdownHook] INFO  o.s.b.w.e.tomcat.GracefulShutdown - Commencing graceful shutdown. Waiting for active requests to complete
2025-07-21 00:45:55 [tomcat-shutdown] INFO  o.s.b.w.e.tomcat.GracefulShutdown - Graceful shutdown complete
2025-07-21 00:46:01 [main] INFO  c.g.githubapi.GitHubApiApplication - Starting GitHubApiApplication using Java 24.0.1 with PID 6712 (C:\Users\Ranie\OneDrive\Estudos\SISTEMAS\UDEMY\dicas para entrevistas\API\githubapi\target\classes started by Ranie in C:\Users\Ranie\OneDrive\Estudos\SISTEMAS\UDEMY\dicas para entrevistas\API\githubapi)
2025-07-21 00:46:01 [main] INFO  c.g.githubapi.GitHubApiApplication - The following 1 profile is active: "prd"
2025-07-21 00:46:02 [main] INFO  o.s.b.w.e.tomcat.TomcatWebServer - Tomcat initialized with port 8083 (http)
2025-07-21 00:46:02 [main] INFO  o.a.catalina.core.StandardService - Starting service [Tomcat]
2025-07-21 00:46:02 [main] INFO  o.a.catalina.core.StandardEngine - Starting Servlet engine: [Apache Tomcat/10.1.39]
2025-07-21 00:46:02 [main] INFO  o.a.c.c.C.[Tomcat].[localhost].[/] - Initializing Spring embedded WebApplicationContext
2025-07-21 00:46:02 [main] INFO  o.s.b.w.s.c.ServletWebServerApplicationContext - Root WebApplicationContext: initialization completed in 1270 ms
2025-07-21 00:46:02 [main] INFO  c.g.g.c.GitHubApiConfiguration - Executando o WebClient.
2025-07-21 00:46:02 [main] INFO  c.g.g.c.GitHubUsersController - Executando Controller.
2025-07-21 00:46:03 [main] INFO  o.s.b.w.e.tomcat.TomcatWebServer - Tomcat started on port 8083 (http) with context path '/'
2025-07-21 00:46:03 [main] INFO  c.g.githubapi.GitHubApiApplication - Started GitHubApiApplication in 2.653 seconds (process running for 3.064)
2025-07-21 00:46:10 [http-nio-8083-exec-6] INFO  o.a.c.c.C.[Tomcat].[localhost].[/] - Initializing Spring DispatcherServlet 'dispatcherServlet'
2025-07-21 00:46:10 [http-nio-8083-exec-6] INFO  o.s.web.servlet.DispatcherServlet - Initializing Servlet 'dispatcherServlet'
2025-07-21 00:46:10 [http-nio-8083-exec-6] INFO  o.s.web.servlet.DispatcherServlet - Completed initialization in 0 ms
2025-07-21 00:46:10 [http-nio-8083-exec-6] INFO  c.g.g.service.GitHubUserService - Executando Serviço usuário inicial: 1.
2025-07-21 00:46:10 [http-nio-8083-exec-6] INFO  c.g.githubapi.client.GitHubApiClient - Criando Lista.
2025-07-21 00:46:11 [http-nio-8083-exec-6] INFO  c.g.githubapi.client.GitHubApiClient - Quantidade retornada: 30 usuários.
2025-07-21 00:46:11 [http-nio-8083-exec-6] INFO  c.g.githubapi.client.GitHubApiClient - Último usuário: 30.
2025-07-21 00:46:56 [http-nio-8083-exec-3] INFO  c.g.g.service.GitHubUserService - Executando Serviço usuário inicial: 47.
2025-07-21 00:46:56 [http-nio-8083-exec-3] INFO  c.g.githubapi.client.GitHubApiClient - Criando Lista.
2025-07-21 00:46:57 [http-nio-8083-exec-3] INFO  c.g.githubapi.client.GitHubApiClient - Quantidade retornada: 30 usuários.
2025-07-21 00:46:57 [http-nio-8083-exec-3] INFO  c.g.githubapi.client.GitHubApiClient - Último usuário: 76.
2025-07-21 00:53:32 [SpringApplicationShutdownHook] INFO  o.s.b.w.e.tomcat.GracefulShutdown - Commencing graceful shutdown. Waiting for active requests to complete
2025-07-21 00:53:32 [tomcat-shutdown] INFO  o.s.b.w.e.tomcat.GracefulShutdown - Graceful shutdown complete
2025-07-21 00:53:39 [main] INFO  c.g.githubapi.GitHubApiApplication - Starting GitHubApiApplication using Java 24.0.1 with PID 2792 (C:\Users\Ranie\OneDrive\Estudos\SISTEMAS\UDEMY\dicas para entrevistas\API\githubapi\target\classes started by Ranie in C:\Users\Ranie\OneDrive\Estudos\SISTEMAS\UDEMY\dicas para entrevistas\API\githubapi)
2025-07-21 00:53:39 [main] INFO  c.g.githubapi.GitHubApiApplication - The following 1 profile is active: "prd"
2025-07-21 00:53:40 [main] INFO  o.s.b.w.e.tomcat.TomcatWebServer - Tomcat initialized with port 8083 (http)
2025-07-21 00:53:40 [main] INFO  o.a.catalina.core.StandardService - Starting service [Tomcat]
2025-07-21 00:53:40 [main] INFO  o.a.catalina.core.StandardEngine - Starting Servlet engine: [Apache Tomcat/10.1.39]
2025-07-21 00:53:40 [main] INFO  o.a.c.c.C.[Tomcat].[localhost].[/] - Initializing Spring embedded WebApplicationContext
2025-07-21 00:53:40 [main] INFO  o.s.b.w.s.c.ServletWebServerApplicationContext - Root WebApplicationContext: initialization completed in 1228 ms
2025-07-21 00:53:41 [main] INFO  c.g.g.c.GitHubApiConfiguration - Executando o WebClient.
2025-07-21 00:53:41 [main] INFO  c.g.g.c.GitHubUsersController - Executando Controller.
2025-07-21 00:53:41 [main] INFO  o.s.b.w.e.tomcat.TomcatWebServer - Tomcat started on port 8083 (http) with context path '/'
2025-07-21 00:53:41 [main] INFO  c.g.githubapi.GitHubApiApplication - Started GitHubApiApplication in 2.592 seconds (process running for 2.984)
2025-07-21 00:53:51 [http-nio-8083-exec-4] INFO  o.a.c.c.C.[Tomcat].[localhost].[/] - Initializing Spring DispatcherServlet 'dispatcherServlet'
2025-07-21 00:53:51 [http-nio-8083-exec-4] INFO  o.s.web.servlet.DispatcherServlet - Initializing Servlet 'dispatcherServlet'
2025-07-21 00:53:51 [http-nio-8083-exec-4] INFO  o.s.web.servlet.DispatcherServlet - Completed initialization in 1 ms
2025-07-21 00:53:51 [http-nio-8083-exec-4] INFO  c.g.g.service.GitHubUserService - Executando Serviço usuário inicial: 47.
2025-07-21 00:53:51 [http-nio-8083-exec-4] INFO  c.g.githubapi.client.GitHubApiClient - Criando Lista.
2025-07-21 00:53:52 [http-nio-8083-exec-4] INFO  c.g.githubapi.client.GitHubApiClient - Quantidade retornada: 30 usuários.
2025-07-21 00:53:52 [http-nio-8083-exec-4] ERROR o.a.c.c.C.[.[.[.[dispatcherServlet] - Servlet.service() for servlet [dispatcherServlet] in context with path [] threw exception [Request processing failed: java.lang.ArrayIndexOutOfBoundsException: Index 30 out of bounds for length 30] with root cause
java.lang.ArrayIndexOutOfBoundsException: Index 30 out of bounds for length 30
	at java.base/java.util.Arrays$ArrayList.get(Arrays.java:4224)
	at com.githubapi.githubapi.client.GitHubApiClient.getUsers(GitHubApiClient.java:32)
	at com.githubapi.githubapi.service.GitHubUserService.fetchUsers(GitHubUserService.java:21)
	at com.githubapi.githubapi.controllers.GitHubUsersController.getUsers(GitHubUsersController.java:23)
	at java.base/jdk.internal.reflect.DirectMethodHandleAccessor.invoke(DirectMethodHandleAccessor.java:104)
	at java.base/java.lang.reflect.Method.invoke(Method.java:565)
	at org.springframework.web.method.support.InvocableHandlerMethod.doInvoke(InvocableHandlerMethod.java:258)
	at org.springframework.web.method.support.InvocableHandlerMethod.invokeForRequest(InvocableHandlerMethod.java:191)
	at org.springframework.web.servlet.mvc.method.annotation.ServletInvocableHandlerMethod.invokeAndHandle(ServletInvocableHandlerMethod.java:118)
	at org.springframework.web.servlet.mvc.method.annotation.RequestMappingHandlerAdapter.invokeHandlerMethod(RequestMappingHandlerAdapter.java:986)
	at org.springframework.web.servlet.mvc.method.annotation.RequestMappingHandlerAdapter.handleInternal(RequestMappingHandlerAdapter.java:891)
	at org.springframework.web.servlet.mvc.method.AbstractHandlerMethodAdapter.handle(AbstractHandlerMethodAdapter.java:87)
	at org.springframework.web.servlet.DispatcherServlet.doDispatch(DispatcherServlet.java:1089)
	at org.springframework.web.servlet.DispatcherServlet.doService(DispatcherServlet.java:979)
	at org.springframework.web.servlet.FrameworkServlet.processRequest(FrameworkServlet.java:1014)
	at org.springframework.web.servlet.FrameworkServlet.doGet(FrameworkServlet.java:903)
	at jakarta.servlet.http.HttpServlet.service(HttpServlet.java:564)
	at org.springframework.web.servlet.FrameworkServlet.service(FrameworkServlet.java:885)
	at jakarta.servlet.http.HttpServlet.service(HttpServlet.java:658)
	at org.apache.catalina.core.ApplicationFilterChain.internalDoFilter(ApplicationFilterChain.java:195)
	at org.apache.catalina.core.ApplicationFilterChain.doFilter(ApplicationFilterChain.java:140)
	at org.apache.tomcat.websocket.server.WsFilter.doFilter(WsFilter.java:51)
	at org.apache.catalina.core.ApplicationFilterChain.internalDoFilter(ApplicationFilterChain.java:164)
	at org.apache.catalina.core.ApplicationFilterChain.doFilter(ApplicationFilterChain.java:140)
	at org.springframework.web.filter.RequestContextFilter.doFilterInternal(RequestContextFilter.java:100)
	at org.springframework.web.filter.OncePerRequestFilter.doFilter(OncePerRequestFilter.java:116)
	at org.apache.catalina.core.ApplicationFilterChain.internalDoFilter(ApplicationFilterChain.java:164)
	at org.apache.catalina.core.ApplicationFilterChain.doFilter(ApplicationFilterChain.java:140)
	at org.springframework.web.filter.FormContentFilter.doFilterInternal(FormContentFilter.java:93)
	at org.springframework.web.filter.OncePerRequestFilter.doFilter(OncePerRequestFilter.java:116)
	at org.apache.catalina.core.ApplicationFilterChain.internalDoFilter(ApplicationFilterChain.java:164)
	at org.apache.catalina.core.ApplicationFilterChain.doFilter(ApplicationFilterChain.java:140)
	at org.springframework.web.filter.CharacterEncodingFilter.doFilterInternal(CharacterEncodingFilter.java:201)
	at org.springframework.web.filter.OncePerRequestFilter.doFilter(OncePerRequestFilter.java:116)
	at org.apache.catalina.core.ApplicationFilterChain.internalDoFilter(ApplicationFilterChain.java:164)
	at org.apache.catalina.core.ApplicationFilterChain.doFilter(ApplicationFilterChain.java:140)
	at org.apache.catalina.core.StandardWrapperValve.invoke(StandardWrapperValve.java:167)
	at org.apache.catalina.core.StandardContextValve.invoke(StandardContextValve.java:90)
	at org.apache.catalina.authenticator.AuthenticatorBase.invoke(AuthenticatorBase.java:483)
	at org.apache.catalina.core.StandardHostValve.invoke(StandardHostValve.java:115)
	at org.apache.catalina.valves.ErrorReportValve.invoke(ErrorReportValve.java:93)
	at org.apache.catalina.core.StandardEngineValve.invoke(StandardEngineValve.java:74)
	at org.apache.catalina.connector.CoyoteAdapter.service(CoyoteAdapter.java:344)
	at org.apache.coyote.http11.Http11Processor.service(Http11Processor.java:397)
	at org.apache.coyote.AbstractProcessorLight.process(AbstractProcessorLight.java:63)
	at org.apache.coyote.AbstractProtocol$ConnectionHandler.process(AbstractProtocol.java:905)
	at org.apache.tomcat.util.net.NioEndpoint$SocketProcessor.doRun(NioEndpoint.java:1743)
	at org.apache.tomcat.util.net.SocketProcessorBase.run(SocketProcessorBase.java:52)
	at org.apache.tomcat.util.threads.ThreadPoolExecutor.runWorker(ThreadPoolExecutor.java:1190)
	at org.apache.tomcat.util.threads.ThreadPoolExecutor$Worker.run(ThreadPoolExecutor.java:659)
	at org.apache.tomcat.util.threads.TaskThread$WrappingRunnable.run(TaskThread.java:63)
	at java.base/java.lang.Thread.run(Thread.java:1447)
2025-07-21 01:00:44 [SpringApplicationShutdownHook] INFO  o.s.b.w.e.tomcat.GracefulShutdown - Commencing graceful shutdown. Waiting for active requests to complete
2025-07-21 01:00:44 [tomcat-shutdown] INFO  o.s.b.w.e.tomcat.GracefulShutdown - Graceful shutdown complete
2025-07-21 01:00:50 [main] INFO  c.g.githubapi.GitHubApiApplication - Starting GitHubApiApplication using Java 24.0.1 with PID 24260 (C:\Users\Ranie\OneDrive\Estudos\SISTEMAS\UDEMY\dicas para entrevistas\API\githubapi\target\classes started by Ranie in C:\Users\Ranie\OneDrive\Estudos\SISTEMAS\UDEMY\dicas para entrevistas\API\githubapi)
2025-07-21 01:00:50 [main] INFO  c.g.githubapi.GitHubApiApplication - The following 1 profile is active: "prd"
2025-07-21 01:00:51 [main] INFO  o.s.b.w.e.tomcat.TomcatWebServer - Tomcat initialized with port 8083 (http)
2025-07-21 01:00:52 [main] INFO  o.a.catalina.core.StandardService - Starting service [Tomcat]
2025-07-21 01:00:52 [main] INFO  o.a.catalina.core.StandardEngine - Starting Servlet engine: [Apache Tomcat/10.1.39]
2025-07-21 01:00:52 [main] INFO  o.a.c.c.C.[Tomcat].[localhost].[/] - Initializing Spring embedded WebApplicationContext
2025-07-21 01:00:52 [main] INFO  o.s.b.w.s.c.ServletWebServerApplicationContext - Root WebApplicationContext: initialization completed in 1277 ms
2025-07-21 01:00:52 [main] INFO  c.g.g.c.GitHubApiConfiguration - Executando o WebClient.
2025-07-21 01:00:52 [main] INFO  c.g.g.c.GitHubUsersController - Executando Controller.
2025-07-21 01:00:52 [main] INFO  o.s.b.w.e.tomcat.TomcatWebServer - Tomcat started on port 8083 (http) with context path '/'
2025-07-21 01:00:52 [main] INFO  c.g.githubapi.GitHubApiApplication - Started GitHubApiApplication in 2.632 seconds (process running for 3.008)
2025-07-21 01:01:00 [http-nio-8083-exec-1] INFO  o.a.c.c.C.[Tomcat].[localhost].[/] - Initializing Spring DispatcherServlet 'dispatcherServlet'
2025-07-21 01:01:00 [http-nio-8083-exec-1] INFO  o.s.web.servlet.DispatcherServlet - Initializing Servlet 'dispatcherServlet'
2025-07-21 01:01:00 [http-nio-8083-exec-1] INFO  o.s.web.servlet.DispatcherServlet - Completed initialization in 2 ms
2025-07-21 01:01:00 [http-nio-8083-exec-1] INFO  c.g.g.service.GitHubUserService - Executando Serviço usuário inicial: 47.
2025-07-21 01:01:00 [http-nio-8083-exec-1] INFO  c.g.githubapi.client.GitHubApiClient - Criando Lista.
2025-07-21 01:01:01 [http-nio-8083-exec-1] INFO  c.g.githubapi.client.GitHubApiClient - Quantidade retornada: 30 usuários.
2025-07-21 01:01:01 [http-nio-8083-exec-1] ERROR o.a.c.c.C.[.[.[.[dispatcherServlet] - Servlet.service() for servlet [dispatcherServlet] in context with path [] threw exception [Request processing failed: java.lang.ArrayIndexOutOfBoundsException: Index 30 out of bounds for length 30] with root cause
java.lang.ArrayIndexOutOfBoundsException: Index 30 out of bounds for length 30
	at java.base/java.util.Arrays$ArrayList.get(Arrays.java:4224)
	at com.githubapi.githubapi.client.GitHubApiClient.getUsers(GitHubApiClient.java:32)
	at com.githubapi.githubapi.service.GitHubUserService.fetchUsers(GitHubUserService.java:21)
	at com.githubapi.githubapi.controllers.GitHubUsersController.getUsers(GitHubUsersController.java:23)
	at java.base/jdk.internal.reflect.DirectMethodHandleAccessor.invoke(DirectMethodHandleAccessor.java:104)
	at java.base/java.lang.reflect.Method.invoke(Method.java:565)
	at org.springframework.web.method.support.InvocableHandlerMethod.doInvoke(InvocableHandlerMethod.java:258)
	at org.springframework.web.method.support.InvocableHandlerMethod.invokeForRequest(InvocableHandlerMethod.java:191)
	at org.springframework.web.servlet.mvc.method.annotation.ServletInvocableHandlerMethod.invokeAndHandle(ServletInvocableHandlerMethod.java:118)
	at org.springframework.web.servlet.mvc.method.annotation.RequestMappingHandlerAdapter.invokeHandlerMethod(RequestMappingHandlerAdapter.java:986)
	at org.springframework.web.servlet.mvc.method.annotation.RequestMappingHandlerAdapter.handleInternal(RequestMappingHandlerAdapter.java:891)
	at org.springframework.web.servlet.mvc.method.AbstractHandlerMethodAdapter.handle(AbstractHandlerMethodAdapter.java:87)
	at org.springframework.web.servlet.DispatcherServlet.doDispatch(DispatcherServlet.java:1089)
	at org.springframework.web.servlet.DispatcherServlet.doService(DispatcherServlet.java:979)
	at org.springframework.web.servlet.FrameworkServlet.processRequest(FrameworkServlet.java:1014)
	at org.springframework.web.servlet.FrameworkServlet.doGet(FrameworkServlet.java:903)
	at jakarta.servlet.http.HttpServlet.service(HttpServlet.java:564)
	at org.springframework.web.servlet.FrameworkServlet.service(FrameworkServlet.java:885)
	at jakarta.servlet.http.HttpServlet.service(HttpServlet.java:658)
	at org.apache.catalina.core.ApplicationFilterChain.internalDoFilter(ApplicationFilterChain.java:195)
	at org.apache.catalina.core.ApplicationFilterChain.doFilter(ApplicationFilterChain.java:140)
	at org.apache.tomcat.websocket.server.WsFilter.doFilter(WsFilter.java:51)
	at org.apache.catalina.core.ApplicationFilterChain.internalDoFilter(ApplicationFilterChain.java:164)
	at org.apache.catalina.core.ApplicationFilterChain.doFilter(ApplicationFilterChain.java:140)
	at org.springframework.web.filter.RequestContextFilter.doFilterInternal(RequestContextFilter.java:100)
	at org.springframework.web.filter.OncePerRequestFilter.doFilter(OncePerRequestFilter.java:116)
	at org.apache.catalina.core.ApplicationFilterChain.internalDoFilter(ApplicationFilterChain.java:164)
	at org.apache.catalina.core.ApplicationFilterChain.doFilter(ApplicationFilterChain.java:140)
	at org.springframework.web.filter.FormContentFilter.doFilterInternal(FormContentFilter.java:93)
	at org.springframework.web.filter.OncePerRequestFilter.doFilter(OncePerRequestFilter.java:116)
	at org.apache.catalina.core.ApplicationFilterChain.internalDoFilter(ApplicationFilterChain.java:164)
	at org.apache.catalina.core.ApplicationFilterChain.doFilter(ApplicationFilterChain.java:140)
	at org.springframework.web.filter.CharacterEncodingFilter.doFilterInternal(CharacterEncodingFilter.java:201)
	at org.springframework.web.filter.OncePerRequestFilter.doFilter(OncePerRequestFilter.java:116)
	at org.apache.catalina.core.ApplicationFilterChain.internalDoFilter(ApplicationFilterChain.java:164)
	at org.apache.catalina.core.ApplicationFilterChain.doFilter(ApplicationFilterChain.java:140)
	at org.apache.catalina.core.StandardWrapperValve.invoke(StandardWrapperValve.java:167)
	at org.apache.catalina.core.StandardContextValve.invoke(StandardContextValve.java:90)
	at org.apache.catalina.authenticator.AuthenticatorBase.invoke(AuthenticatorBase.java:483)
	at org.apache.catalina.core.StandardHostValve.invoke(StandardHostValve.java:115)
	at org.apache.catalina.valves.ErrorReportValve.invoke(ErrorReportValve.java:93)
	at org.apache.catalina.core.StandardEngineValve.invoke(StandardEngineValve.java:74)
	at org.apache.catalina.connector.CoyoteAdapter.service(CoyoteAdapter.java:344)
	at org.apache.coyote.http11.Http11Processor.service(Http11Processor.java:397)
	at org.apache.coyote.AbstractProcessorLight.process(AbstractProcessorLight.java:63)
	at org.apache.coyote.AbstractProtocol$ConnectionHandler.process(AbstractProtocol.java:905)
	at org.apache.tomcat.util.net.NioEndpoint$SocketProcessor.doRun(NioEndpoint.java:1743)
	at org.apache.tomcat.util.net.SocketProcessorBase.run(SocketProcessorBase.java:52)
	at org.apache.tomcat.util.threads.ThreadPoolExecutor.runWorker(ThreadPoolExecutor.java:1190)
	at org.apache.tomcat.util.threads.ThreadPoolExecutor$Worker.run(ThreadPoolExecutor.java:659)
	at org.apache.tomcat.util.threads.TaskThread$WrappingRunnable.run(TaskThread.java:63)
	at java.base/java.lang.Thread.run(Thread.java:1447)
2025-07-21 01:01:18 [SpringApplicationShutdownHook] INFO  o.s.b.w.e.tomcat.GracefulShutdown - Commencing graceful shutdown. Waiting for active requests to complete
2025-07-21 01:01:18 [tomcat-shutdown] INFO  o.s.b.w.e.tomcat.GracefulShutdown - Graceful shutdown complete
2025-07-21 01:01:24 [main] INFO  c.g.githubapi.GitHubApiApplication - Starting GitHubApiApplication using Java 24.0.1 with PID 16588 (C:\Users\Ranie\OneDrive\Estudos\SISTEMAS\UDEMY\dicas para entrevistas\API\githubapi\target\classes started by Ranie in C:\Users\Ranie\OneDrive\Estudos\SISTEMAS\UDEMY\dicas para entrevistas\API\githubapi)
2025-07-21 01:01:24 [main] INFO  c.g.githubapi.GitHubApiApplication - The following 1 profile is active: "prd"
2025-07-21 01:01:25 [main] INFO  o.s.b.w.e.tomcat.TomcatWebServer - Tomcat initialized with port 8083 (http)
2025-07-21 01:01:25 [main] INFO  o.a.catalina.core.StandardService - Starting service [Tomcat]
2025-07-21 01:01:25 [main] INFO  o.a.catalina.core.StandardEngine - Starting Servlet engine: [Apache Tomcat/10.1.39]
2025-07-21 01:01:25 [main] INFO  o.a.c.c.C.[Tomcat].[localhost].[/] - Initializing Spring embedded WebApplicationContext
2025-07-21 01:01:25 [main] INFO  o.s.b.w.s.c.ServletWebServerApplicationContext - Root WebApplicationContext: initialization completed in 1181 ms
2025-07-21 01:01:25 [main] INFO  c.g.g.c.GitHubApiConfiguration - Executando o WebClient.
2025-07-21 01:01:25 [main] INFO  c.g.g.c.GitHubUsersController - Executando Controller.
2025-07-21 01:01:26 [main] INFO  o.s.b.w.e.tomcat.TomcatWebServer - Tomcat started on port 8083 (http) with context path '/'
2025-07-21 01:01:26 [main] INFO  c.g.githubapi.GitHubApiApplication - Started GitHubApiApplication in 2.584 seconds (process running for 2.982)
2025-07-21 01:01:27 [http-nio-8083-exec-1] INFO  o.a.c.c.C.[Tomcat].[localhost].[/] - Initializing Spring DispatcherServlet 'dispatcherServlet'
2025-07-21 01:01:27 [http-nio-8083-exec-1] INFO  o.s.web.servlet.DispatcherServlet - Initializing Servlet 'dispatcherServlet'
2025-07-21 01:01:27 [http-nio-8083-exec-1] INFO  o.s.web.servlet.DispatcherServlet - Completed initialization in 0 ms
2025-07-21 01:01:27 [http-nio-8083-exec-1] INFO  c.g.g.service.GitHubUserService - Executando Serviço usuário inicial: 47.
2025-07-21 01:01:27 [http-nio-8083-exec-1] INFO  c.g.githubapi.client.GitHubApiClient - Criando Lista.
2025-07-21 01:01:28 [http-nio-8083-exec-1] INFO  c.g.githubapi.client.GitHubApiClient - Quantidade retornada: 30 usuários.
2025-07-21 01:01:28 [http-nio-8083-exec-1] INFO  c.g.githubapi.client.GitHubApiClient - Último usuário: GitHubUsersDTO[id=91, login=lifo, url=https://api.github.com/users/lifo].
2025-07-21 01:02:17 [SpringApplicationShutdownHook] INFO  o.s.b.w.e.tomcat.GracefulShutdown - Commencing graceful shutdown. Waiting for active requests to complete
2025-07-21 01:02:17 [tomcat-shutdown] INFO  o.s.b.w.e.tomcat.GracefulShutdown - Graceful shutdown complete
2025-07-21 01:02:24 [main] INFO  c.g.githubapi.GitHubApiApplication - Starting GitHubApiApplication using Java 24.0.1 with PID 26732 (C:\Users\Ranie\OneDrive\Estudos\SISTEMAS\UDEMY\dicas para entrevistas\API\githubapi\target\classes started by Ranie in C:\Users\Ranie\OneDrive\Estudos\SISTEMAS\UDEMY\dicas para entrevistas\API\githubapi)
2025-07-21 01:02:24 [main] INFO  c.g.githubapi.GitHubApiApplication - The following 1 profile is active: "prd"
2025-07-21 01:02:26 [main] INFO  o.s.b.w.e.tomcat.TomcatWebServer - Tomcat initialized with port 8083 (http)
2025-07-21 01:02:26 [main] INFO  o.a.catalina.core.StandardService - Starting service [Tomcat]
2025-07-21 01:02:26 [main] INFO  o.a.catalina.core.StandardEngine - Starting Servlet engine: [Apache Tomcat/10.1.39]
2025-07-21 01:02:26 [main] INFO  o.a.c.c.C.[Tomcat].[localhost].[/] - Initializing Spring embedded WebApplicationContext
2025-07-21 01:02:26 [main] INFO  o.s.b.w.s.c.ServletWebServerApplicationContext - Root WebApplicationContext: initialization completed in 1100 ms
2025-07-21 01:02:26 [main] INFO  c.g.g.c.GitHubApiConfiguration - Executando o WebClient.
2025-07-21 01:02:26 [main] INFO  c.g.g.c.GitHubUsersController - Executando Controller.
2025-07-21 01:02:26 [main] INFO  o.s.b.w.e.tomcat.TomcatWebServer - Tomcat started on port 8083 (http) with context path '/'
2025-07-21 01:02:26 [main] INFO  c.g.githubapi.GitHubApiApplication - Started GitHubApiApplication in 2.446 seconds (process running for 2.803)
2025-07-21 01:02:29 [http-nio-8083-exec-2] INFO  o.a.c.c.C.[Tomcat].[localhost].[/] - Initializing Spring DispatcherServlet 'dispatcherServlet'
2025-07-21 01:02:29 [http-nio-8083-exec-2] INFO  o.s.web.servlet.DispatcherServlet - Initializing Servlet 'dispatcherServlet'
2025-07-21 01:02:29 [http-nio-8083-exec-2] INFO  o.s.web.servlet.DispatcherServlet - Completed initialization in 1 ms
2025-07-21 01:02:29 [http-nio-8083-exec-2] INFO  c.g.g.service.GitHubUserService - Executando Serviço usuário inicial: 47.
2025-07-21 01:02:29 [http-nio-8083-exec-2] INFO  c.g.githubapi.client.GitHubApiClient - Criando Lista.
2025-07-21 01:02:30 [http-nio-8083-exec-2] INFO  c.g.githubapi.client.GitHubApiClient - Quantidade retornada: 30 usuários.
2025-07-21 01:02:30 [http-nio-8083-exec-2] INFO  c.g.githubapi.client.GitHubApiClient - Último usuário: 91.
2025-07-21 01:20:55 [SpringApplicationShutdownHook] INFO  o.s.b.w.e.tomcat.GracefulShutdown - Commencing graceful shutdown. Waiting for active requests to complete
2025-07-21 01:20:55 [tomcat-shutdown] INFO  o.s.b.w.e.tomcat.GracefulShutdown - Graceful shutdown complete
2025-07-21 01:21:01 [main] INFO  c.g.githubapi.GitHubApiApplication - Starting GitHubApiApplication using Java 24.0.1 with PID 15476 (C:\Users\Ranie\OneDrive\Estudos\SISTEMAS\UDEMY\dicas para entrevistas\API\githubapi\target\classes started by Ranie in C:\Users\Ranie\OneDrive\Estudos\SISTEMAS\UDEMY\dicas para entrevistas\API\githubapi)
2025-07-21 01:21:01 [main] INFO  c.g.githubapi.GitHubApiApplication - The following 1 profile is active: "prd"
2025-07-21 01:21:02 [main] INFO  o.s.b.w.e.tomcat.TomcatWebServer - Tomcat initialized with port 8083 (http)
2025-07-21 01:21:02 [main] INFO  o.a.catalina.core.StandardService - Starting service [Tomcat]
2025-07-21 01:21:02 [main] INFO  o.a.catalina.core.StandardEngine - Starting Servlet engine: [Apache Tomcat/10.1.39]
2025-07-21 01:21:02 [main] INFO  o.a.c.c.C.[Tomcat].[localhost].[/] - Initializing Spring embedded WebApplicationContext
2025-07-21 01:21:02 [main] INFO  o.s.b.w.s.c.ServletWebServerApplicationContext - Root WebApplicationContext: initialization completed in 1328 ms
2025-07-21 01:21:02 [main] INFO  c.g.g.c.GitHubApiConfiguration - Executando o WebClient.
2025-07-21 01:21:02 [main] INFO  c.g.g.c.GitHubUsersController - Executando Controller.
2025-07-21 01:21:03 [main] INFO  o.s.b.w.e.tomcat.TomcatWebServer - Tomcat started on port 8083 (http) with context path '/'
2025-07-21 01:21:03 [main] INFO  c.g.githubapi.GitHubApiApplication - Started GitHubApiApplication in 2.761 seconds (process running for 3.146)
2025-07-21 01:21:08 [http-nio-8083-exec-1] INFO  o.a.c.c.C.[Tomcat].[localhost].[/] - Initializing Spring DispatcherServlet 'dispatcherServlet'
2025-07-21 01:21:08 [http-nio-8083-exec-1] INFO  o.s.web.servlet.DispatcherServlet - Initializing Servlet 'dispatcherServlet'
2025-07-21 01:21:08 [http-nio-8083-exec-1] INFO  o.s.web.servlet.DispatcherServlet - Completed initialization in 1 ms
2025-07-21 01:21:08 [http-nio-8083-exec-1] INFO  c.g.g.service.GitHubUserService - Executando Serviço usuário inicial: 47.
2025-07-21 01:21:08 [http-nio-8083-exec-1] INFO  c.g.githubapi.client.GitHubApiClient - Criando Lista.
2025-07-21 01:21:09 [http-nio-8083-exec-1] INFO  c.g.githubapi.client.GitHubApiClient - Quantidade retornada: 30 usuários.
2025-07-21 01:21:09 [http-nio-8083-exec-1] INFO  c.g.githubapi.client.GitHubApiClient - Último usuário: 91.
2025-07-21 01:21:16 [http-nio-8083-exec-3] INFO  c.g.g.service.GitHubUserService - Executando Serviço usuário inicial: 47.
2025-07-21 01:21:16 [http-nio-8083-exec-3] INFO  c.g.githubapi.client.GitHubApiClient - Criando Lista.
2025-07-21 01:21:16 [http-nio-8083-exec-3] INFO  c.g.githubapi.client.GitHubApiClient - Quantidade retornada: 30 usuários.
2025-07-21 01:21:16 [http-nio-8083-exec-3] INFO  c.g.githubapi.client.GitHubApiClient - Último usuário: 91.
2025-07-21 01:21:45 [http-nio-8083-exec-4] INFO  c.g.g.service.GitHubUserService - Executando Serviço usuário inicial: 47.
2025-07-21 01:21:45 [http-nio-8083-exec-4] INFO  c.g.githubapi.client.GitHubApiClient - Criando Lista.
2025-07-21 01:21:45 [http-nio-8083-exec-4] INFO  c.g.githubapi.client.GitHubApiClient - Quantidade retornada: 30 usuários.
2025-07-21 01:21:45 [http-nio-8083-exec-4] INFO  c.g.githubapi.client.GitHubApiClient - Último usuário: 91.
2025-07-21 01:22:16 [SpringApplicationShutdownHook] INFO  o.s.b.w.e.tomcat.GracefulShutdown - Commencing graceful shutdown. Waiting for active requests to complete
2025-07-21 01:22:16 [tomcat-shutdown] INFO  o.s.b.w.e.tomcat.GracefulShutdown - Graceful shutdown complete
2025-07-21 01:22:24 [main] INFO  c.g.githubapi.GitHubApiApplication - Starting GitHubApiApplication using Java 24.0.1 with PID 22432 (C:\Users\Ranie\OneDrive\Estudos\SISTEMAS\UDEMY\dicas para entrevistas\API\githubapi\target\classes started by Ranie in C:\Users\Ranie\OneDrive\Estudos\SISTEMAS\UDEMY\dicas para entrevistas\API\githubapi)
2025-07-21 01:22:24 [main] INFO  c.g.githubapi.GitHubApiApplication - The following 1 profile is active: "prd"
2025-07-21 01:22:26 [main] INFO  o.s.b.w.e.tomcat.TomcatWebServer - Tomcat initialized with port 8083 (http)
2025-07-21 01:22:26 [main] INFO  o.a.catalina.core.StandardService - Starting service [Tomcat]
2025-07-21 01:22:26 [main] INFO  o.a.catalina.core.StandardEngine - Starting Servlet engine: [Apache Tomcat/10.1.39]
2025-07-21 01:22:26 [main] INFO  o.a.c.c.C.[Tomcat].[localhost].[/] - Initializing Spring embedded WebApplicationContext
2025-07-21 01:22:26 [main] INFO  o.s.b.w.s.c.ServletWebServerApplicationContext - Root WebApplicationContext: initialization completed in 1434 ms
2025-07-21 01:22:26 [main] INFO  c.g.g.c.GitHubApiConfiguration - Executando o WebClient.
2025-07-21 01:22:26 [main] INFO  c.g.g.c.GitHubUsersController - Executando Controller.
2025-07-21 01:22:26 [main] INFO  o.s.b.w.e.tomcat.TomcatWebServer - Tomcat started on port 8083 (http) with context path '/'
2025-07-21 01:22:26 [main] INFO  c.g.githubapi.GitHubApiApplication - Started GitHubApiApplication in 2.784 seconds (process running for 3.22)
2025-07-21 01:22:33 [http-nio-8083-exec-1] INFO  o.a.c.c.C.[Tomcat].[localhost].[/] - Initializing Spring DispatcherServlet 'dispatcherServlet'
2025-07-21 01:22:33 [http-nio-8083-exec-1] INFO  o.s.web.servlet.DispatcherServlet - Initializing Servlet 'dispatcherServlet'
2025-07-21 01:22:33 [http-nio-8083-exec-1] INFO  o.s.web.servlet.DispatcherServlet - Completed initialization in 1 ms
2025-07-21 01:22:33 [http-nio-8083-exec-1] INFO  c.g.g.service.GitHubUserService - Executando Serviço usuário inicial: 47.
2025-07-21 01:22:33 [http-nio-8083-exec-1] INFO  c.g.githubapi.client.GitHubApiClient - Criando Lista.
2025-07-21 01:22:34 [http-nio-8083-exec-1] INFO  c.g.githubapi.client.GitHubApiClient - Quantidade retornada: 30 usuários.
2025-07-21 01:22:34 [http-nio-8083-exec-1] INFO  c.g.githubapi.client.GitHubApiClient - Último usuário: 91.
2025-07-21 01:22:51 [http-nio-8083-exec-3] INFO  c.g.g.service.GitHubUserService - Executando Serviço usuário inicial: 47.
2025-07-21 01:22:51 [http-nio-8083-exec-3] INFO  c.g.githubapi.client.GitHubApiClient - Criando Lista.
2025-07-21 01:22:51 [http-nio-8083-exec-3] INFO  c.g.githubapi.client.GitHubApiClient - Quantidade retornada: 30 usuários.
2025-07-21 01:22:51 [http-nio-8083-exec-3] INFO  c.g.githubapi.client.GitHubApiClient - Último usuário: 91.
2025-07-21 01:22:56 [SpringApplicationShutdownHook] INFO  o.s.b.w.e.tomcat.GracefulShutdown - Commencing graceful shutdown. Waiting for active requests to complete
2025-07-21 01:22:56 [tomcat-shutdown] INFO  o.s.b.w.e.tomcat.GracefulShutdown - Graceful shutdown complete
2025-07-21 01:23:02 [main] INFO  c.g.githubapi.GitHubApiApplication - Starting GitHubApiApplication using Java 24.0.1 with PID 24504 (C:\Users\Ranie\OneDrive\Estudos\SISTEMAS\UDEMY\dicas para entrevistas\API\githubapi\target\classes started by Ranie in C:\Users\Ranie\OneDrive\Estudos\SISTEMAS\UDEMY\dicas para entrevistas\API\githubapi)
2025-07-21 01:23:02 [main] INFO  c.g.githubapi.GitHubApiApplication - The following 1 profile is active: "prd"
2025-07-21 01:23:03 [main] INFO  o.s.b.w.e.tomcat.TomcatWebServer - Tomcat initialized with port 8083 (http)
2025-07-21 01:23:03 [main] INFO  o.a.catalina.core.StandardService - Starting service [Tomcat]
2025-07-21 01:23:03 [main] INFO  o.a.catalina.core.StandardEngine - Starting Servlet engine: [Apache Tomcat/10.1.39]
2025-07-21 01:23:03 [main] INFO  o.a.c.c.C.[Tomcat].[localhost].[/] - Initializing Spring embedded WebApplicationContext
2025-07-21 01:23:03 [main] INFO  o.s.b.w.s.c.ServletWebServerApplicationContext - Root WebApplicationContext: initialization completed in 1202 ms
2025-07-21 01:23:03 [main] INFO  c.g.g.c.GitHubApiConfiguration - Executando o WebClient.
2025-07-21 01:23:03 [main] INFO  c.g.g.c.GitHubUsersController - Executando Controller.
2025-07-21 01:23:04 [main] INFO  o.s.b.w.e.tomcat.TomcatWebServer - Tomcat started on port 8083 (http) with context path '/'
2025-07-21 01:23:04 [main] INFO  c.g.githubapi.GitHubApiApplication - Started GitHubApiApplication in 2.582 seconds (process running for 3.004)
2025-07-21 01:23:08 [http-nio-8083-exec-3] INFO  o.a.c.c.C.[Tomcat].[localhost].[/] - Initializing Spring DispatcherServlet 'dispatcherServlet'
2025-07-21 01:23:08 [http-nio-8083-exec-3] INFO  o.s.web.servlet.DispatcherServlet - Initializing Servlet 'dispatcherServlet'
2025-07-21 01:23:08 [http-nio-8083-exec-3] INFO  o.s.web.servlet.DispatcherServlet - Completed initialization in 1 ms
2025-07-21 01:23:08 [http-nio-8083-exec-3] INFO  c.g.g.service.GitHubUserService - Executando Serviço usuário inicial: 47.
2025-07-21 01:23:08 [http-nio-8083-exec-3] INFO  c.g.githubapi.client.GitHubApiClient - Criando Lista.
2025-07-21 01:23:30 [SpringApplicationShutdownHook] INFO  o.s.b.w.e.tomcat.GracefulShutdown - Commencing graceful shutdown. Waiting for active requests to complete
2025-07-21 01:23:30 [tomcat-shutdown] INFO  o.s.b.w.e.tomcat.GracefulShutdown - Graceful shutdown complete
2025-07-21 01:23:34 [main] INFO  c.g.githubapi.GitHubApiApplication - Starting GitHubApiApplication using Java 24.0.1 with PID 21352 (C:\Users\Ranie\OneDrive\Estudos\SISTEMAS\UDEMY\dicas para entrevistas\API\githubapi\target\classes started by Ranie in C:\Users\Ranie\OneDrive\Estudos\SISTEMAS\UDEMY\dicas para entrevistas\API\githubapi)
2025-07-21 01:23:34 [main] INFO  c.g.githubapi.GitHubApiApplication - The following 1 profile is active: "prd"
2025-07-21 01:23:35 [main] INFO  o.s.b.w.e.tomcat.TomcatWebServer - Tomcat initialized with port 8083 (http)
2025-07-21 01:23:35 [main] INFO  o.a.catalina.core.StandardService - Starting service [Tomcat]
2025-07-21 01:23:35 [main] INFO  o.a.catalina.core.StandardEngine - Starting Servlet engine: [Apache Tomcat/10.1.39]
2025-07-21 01:23:35 [main] INFO  o.a.c.c.C.[Tomcat].[localhost].[/] - Initializing Spring embedded WebApplicationContext
2025-07-21 01:23:35 [main] INFO  o.s.b.w.s.c.ServletWebServerApplicationContext - Root WebApplicationContext: initialization completed in 1205 ms
2025-07-21 01:23:35 [main] INFO  c.g.g.c.GitHubApiConfiguration - Executando o WebClient.
2025-07-21 01:23:35 [main] INFO  c.g.g.c.GitHubUsersController - Executando Controller.
2025-07-21 01:23:36 [main] INFO  o.s.b.w.e.tomcat.TomcatWebServer - Tomcat started on port 8083 (http) with context path '/'
2025-07-21 01:23:36 [main] INFO  c.g.githubapi.GitHubApiApplication - Started GitHubApiApplication in 2.568 seconds (process running for 2.955)
2025-07-21 01:24:32 [SpringApplicationShutdownHook] INFO  o.s.b.w.e.tomcat.GracefulShutdown - Commencing graceful shutdown. Waiting for active requests to complete
2025-07-21 01:24:32 [tomcat-shutdown] INFO  o.s.b.w.e.tomcat.GracefulShutdown - Graceful shutdown complete
